Divya_Lab2D_CMPE240.c:123:5:main	136	static
Divya_Lab2D_CMPE240.c:194:7:distance_between_point	24	static
Divya_Lab2D_CMPE240.c:203:6:draw_complete_tree	208	dynamic
Divya_Lab2D_CMPE240.c:245:6:tree_maker	56	static
Divya_Lab2D_CMPE240.c:267:6:drawHands	40	static
Divya_Lab2D_CMPE240.c:280:6:drawSquares	72	static
Divya_Lab2D_CMPE240.c:313:6:branchReduction	32	static
Divya_Lab2D_CMPE240.c:319:14:branchExtension	40	static
Divya_Lab2D_CMPE240.c:328:6:preProcessing	32	static
Divya_Lab2D_CMPE240.c:335:6:Rotation	40	static
Divya_Lab2D_CMPE240.c:342:6:postProcessing	32	static
Divya_Lab2D_CMPE240.c:351:6:calculateBranchEnds	80	static
Divya_Lab2D_CMPE240.c:372:6:spiwrite	24	static
Divya_Lab2D_CMPE240.c:388:6:writecommand	16	static
Divya_Lab2D_CMPE240.c:400:6:writedata	16	static
Divya_Lab2D_CMPE240.c:412:6:writeword	24	static
Divya_Lab2D_CMPE240.c:430:6:write888	24	static
Divya_Lab2D_CMPE240.c:458:6:setAddrWindow	24	static
Divya_Lab2D_CMPE240.c:476:6:fillrect	32	static
Divya_Lab2D_CMPE240.c:498:6:lcddelay	24	static
Divya_Lab2D_CMPE240.c:510:6:lcd_init	16	static
Divya_Lab2D_CMPE240.c:554:6:drawPixel	16	static
Divya_Lab2D_CMPE240.c:586:6:drawLine	40	static
